0 verbose cli C:\Program Files\nodejs\node.exe C:\Users\arnol\AppData\Roaming\npm\node_modules\npm\bin\npm-cli.js
1 info using npm@11.4.0
2 info using node@v22.15.1
3 silly config load:file:C:\Users\arnol\AppData\Roaming\npm\node_modules\npm\npmrc
4 silly config load:file:C:\Users\arnol\Documents\slidep\.npmrc
5 silly config load:file:C:\Users\arnol\.npmrc
6 silly config load:file:C:\Users\arnol\AppData\Roaming\npm\etc\npmrc
7 verbose title npm run lint node_modules/.cache/eslintcache
8 verbose argv "run" "lint" "--cache" "--cache-location" "node_modules/.cache/eslintcache"
9 verbose logfile logs-max:10 dir:C:\Users\arnol\Documents\slidep\--cache-location\_logs\2026-08-06T17_15_33_682Z-
10 verbose logfile C:\Users\arnol\Documents\slidep\--cache-location\_logs\2026-08-06T17_15_33_682Z-debug-0.log
11 silly logfile done cleaning log files
12 http fetch GET 200 https://registry.npmjs.org/npm 483ms
13 verbose cwd C:\Users\arnol\Documents\slidep
14 verbose os Windows_NT 10.0.26200
15 verbose node v22.15.1
16 verbose npm  v11.4.0
17 notice
17 notice New minor version of npm available! 11.4.0 -> 11.19.0
17 notice Changelog: https://github.com/npm/cli/releases/tag/v11.19.0
17 notice To update run: npm install -g npm@11.19.0
17 notice  { force: true, [Symbol(proc-log.meta)]: true }
18 verbose exit 2
19 verbose code 2
